result
-9871,-4462
-9791,5926
-9576,7256
-7597,-9378
-4169,9065
376,-9439
1952,9804
4158,-9082
9167,-7971
9690,7743
9922,-7008
9997,6302
