result
-983,816
-977,-972
-653,998
41,995
453,985
532,-999
733,-960
939,-872
962,957
