result
-99763,-1913
-99065,90424
-99052,-42511
-98031,93754
-97968,-96336
-94840,99673
-63629,-99694
-56585,-99981
-11836,-99721
41303,99984
42502,-99023
65626,-98667
79623,-98239
92998,-95493
98198,-89477
99097,98794
99481,52527
99492,-62061
